2026-09-25T15:39:52.913+02:00  INFO 32376 --- [main] com.example.demo.SareetaApplication      : Starting SareetaApplication using Java 21.0.12 with PID 32376 (C:\Users\sebastian.pellizzari\Documents\COURSES\Java Web Developer\Course 5__Security and DevOps\Lesson 1\nd035-c4-Security-and-DevOps\starter_code\target\classes started by sebastian.pellizzari in C:\Users\sebastian.pellizzari\Documents\COURSES\Java Web Developer\Course 5__Security and DevOps\Lesson 1\nd035-c4-Security-and-DevOps)
2026-09-25T15:39:52.917+02:00  INFO 32376 --- [main] com.example.demo.SareetaApplication      : No active profile set, falling back to 1 default profile: "default"
2026-09-25T15:39:53.517+02:00  INFO 32376 --- [main] .s.d.r.c.RepositoryConfigurationDelegate : Bootstrapping Spring Data JPA repositories in DEFAULT mode.
2026-09-25T15:39:53.594+02:00  INFO 32376 --- [main] .s.d.r.c.RepositoryConfigurationDelegate : Finished Spring Data repository scanning in 61 ms. Found 4 JPA repository interfaces.
2026-09-25T15:39:54.406+02:00  INFO 32376 --- [main] o.s.b.w.embedded.tomcat.TomcatWebServer  : Tomcat initialized with port 8080 (http)
2026-09-25T15:39:54.418+02:00  INFO 32376 --- [main] o.apache.catalina.core.StandardService   : Starting service [Tomcat]
2026-09-25T15:39:54.419+02:00  INFO 32376 --- [main] o.apache.catalina.core.StandardEngine    : Starting Servlet engine: [Apache Tomcat/10.1.31]
2026-09-25T15:39:54.490+02:00  INFO 32376 --- [main] o.a.c.c.C.[Tomcat].[localhost].[/]       : Initializing Spring embedded WebApplicationContext
2026-09-25T15:39:54.491+02:00  INFO 32376 --- [main] w.s.c.ServletWebServerApplicationContext : Root WebApplicationContext: initialization completed in 1506 ms
2026-09-25T15:39:54.538+02:00  INFO 32376 --- [main] com.zaxxer.hikari.HikariDataSource       : HikariPool-1 - Starting...
2026-09-25T15:39:54.778+02:00  INFO 32376 --- [main] com.zaxxer.hikari.pool.HikariPool        : HikariPool-1 - Added connection conn0: url=jdbc:h2:mem:bootapp user=SA
2026-09-25T15:39:54.780+02:00  INFO 32376 --- [main] com.zaxxer.hikari.HikariDataSource       : HikariPool-1 - Start completed.
2026-09-25T15:39:54.792+02:00  INFO 32376 --- [main] o.s.b.a.h2.H2ConsoleAutoConfiguration    : H2 console available at '/h2'. Database available at 'jdbc:h2:mem:bootapp'
2026-09-25T15:39:54.998+02:00  INFO 32376 --- [main] o.hibernate.jpa.internal.util.LogHelper  : HHH000204: Processing PersistenceUnitInfo [name: default]
2026-09-25T15:39:55.108+02:00  INFO 32376 --- [main] org.hibernate.Version                    : HHH000412: Hibernate ORM core version 6.5.3.Final
2026-09-25T15:39:55.157+02:00  INFO 32376 --- [main] o.h.c.internal.RegionFactoryInitiator    : HHH000026: Second-level cache disabled
2026-09-25T15:39:55.496+02:00  INFO 32376 --- [main] o.s.o.j.p.SpringPersistenceUnitInfo      : No LoadTimeWeaver setup: ignoring JPA class transformer
2026-09-25T15:39:55.561+02:00  WARN 32376 --- [main] org.hibernate.orm.deprecation            : HHH90000025: H2Dialect does not need to be specified explicitly using 'hibernate.dialect' (remove the property setting and it will be selected by default)
2026-09-25T15:39:56.378+02:00  INFO 32376 --- [main] o.h.e.t.j.p.i.JtaPlatformInitiator       : HHH000489: No JTA platform available (set 'hibernate.transaction.jta.platform' to enable JTA platform integration)
2026-09-25T15:39:56.446+02:00  INFO 32376 --- [main] j.LocalContainerEntityManagerFactoryBean : Initialized JPA EntityManagerFactory for persistence unit 'default'
2026-09-25T15:39:56.816+02:00  INFO 32376 --- [main] r$InitializeUserDetailsManagerConfigurer : Global AuthenticationManager configured with UserDetailsService bean with name userDetailsServiceImpl
2026-09-25T15:39:56.997+02:00  WARN 32376 --- [main] JpaBaseConfiguration$JpaWebConfiguration : spring.jpa.open-in-view is enabled by default. Therefore, database queries may be performed during view rendering. Explicitly configure spring.jpa.open-in-view to disable this warning
2026-09-25T15:39:57.828+02:00  INFO 32376 --- [main] o.s.b.w.embedded.tomcat.TomcatWebServer  : Tomcat started on port 8080 (http) with context path '/'
2026-09-25T15:39:57.836+02:00  INFO 32376 --- [main] com.example.demo.SareetaApplication      : Started SareetaApplication in 5.367 seconds (process running for 5.716)
2026-09-25T15:40:10.794+02:00  INFO 32376 --- [http-nio-8080-exec-1] o.a.c.c.C.[Tomcat].[localhost].[/]       : Initializing Spring DispatcherServlet 'dispatcherServlet'
2026-09-25T15:40:10.794+02:00  INFO 32376 --- [http-nio-8080-exec-1] o.s.web.servlet.DispatcherServlet        : Initializing Servlet 'dispatcherServlet'
2026-09-25T15:40:10.796+02:00  INFO 32376 --- [http-nio-8080-exec-1] o.s.web.servlet.DispatcherServlet        : Completed initialization in 1 ms
2026-09-25T15:40:11.100+02:00  INFO 32376 --- [http-nio-8080-exec-1] c.e.demo.controllers.UserController      : Successfully created user testUser
2026-09-25T15:40:57.932+02:00  INFO 32376 --- [http-nio-8080-exec-3] c.e.demo.controllers.CartController      : Successfully added item with id=1 to the cart of user testUser.
2026-09-25T15:41:04.160+02:00  INFO 32376 --- [http-nio-8080-exec-4] c.e.demo.controllers.CartController      : Successfully added item with id=1 to the cart of user testUser.
2026-09-25T15:41:05.493+02:00  INFO 32376 --- [http-nio-8080-exec-5] c.e.demo.controllers.CartController      : Successfully added item with id=1 to the cart of user testUser.
2026-09-25T15:41:48.673+02:00  INFO 32376 --- [http-nio-8080-exec-6] c.e.demo.controllers.OrderController     : Successfully submitted the order of user testUser.
2026-09-25T15:42:05.829+02:00  INFO 32376 --- [http-nio-8080-exec-7] c.e.demo.controllers.OrderController     : Successfully submitted the order of user testUser.